PASS delayed machines poll preserves newer streamed pane status
PASS terminal path drop, native path paste and JSON file drop/paste
30 |       ["Meta+Control+Backspace", "\b"],
31 |     ]) {
32 |       const before = inputs.length;
33 |       await input.press(shortcut!);
34 |       await page.waitForTimeout(300);
35 |       assert.deepEqual(inputs.slice(before).map(({ pane_id, text }) => ({ pane_id, text })),
                  ^
AssertionError: Meta+Backspace must send its sequence exactly once
+ actual - expected

  [
    {
      pane_id: 'w2:p1',
+     text: '\x7F'
-     text: '\x15'
    }
  ]

 generatedMessage: false,
     actual: [
  [Object ...]
],
   expected: [
  [Object ...]
],
   operator: "deepStrictEqual",
       diff: "simple",
       code: "ERR_ASSERTION"

      at checkCommandBackspace (scripts/terminal-command-backspace-regression.ts:35:14)
      at processTicksAndRejections (native:7:39)

Bun v1.4.2 (Linux x64)
